
> cloned-app@0.1.0 build
> next build

npm :  ΓÜá Warning: Next.js inferred your workspace root, but it may not be correct.
At C:\Program Files\KMSpico\temp\ps-script-c3d21726-4e2c-447a-b8d1-25baae96a629.ps1:112 char:115
+ ... enerated\app"; Write-Host "=== BUILD ==="; npm run build 2>&1 | Out-F ...
+                                                ~~~~~~~~~~~~~~~~~~
    + CategoryInfo          : NotSpecified: ( ΓÜá Warning: N...not be correct.:String) [], RemoteException
    + FullyQualifiedErrorId : NativeCommandError
 
 We detected multiple lockfiles and selected the directory of D:\Ideas\ditto\package-lock.json as the root directory.
 To silence this warning, set `outputFileTracingRoot` in your Next.js config, or consider removing one of the 
lockfiles if it's not needed.
   See https://nextjs.org/docs/app/api-reference/config/next-config-js/output#caveats for more information.
 Detected additional lockfiles: 
   * D:\Ideas\ditto\ditto.site\compiler\package-lock.json
   * D:\Ideas\ditto\ditto.site\package-lock.json

   Γû▓ Next.js 15.5.23

   Creating an optimized production build ...
uncaughtException [Error: EPERM: operation not permitted, open 
'D:\Ideas\ditto\ditto.site\compiler\output\framer\.clone\generated\app\.next\trace'] {
  errno: -4048,
  code: 'EPERM',
  syscall: 'open',
  path: 'D:\\Ideas\\ditto\\ditto.site\\compiler\\output\\framer\\.clone\\generated\\app\\.next\\trace'
}
